MPLINK 4.35, Linker
Linker Map File - Created Thu Sep 23 13:28:54 2010

                                 Section Info
                  Section       Type    Address   Location Size(Bytes)
                ---------  ---------  ---------  ---------  ---------
               _entry_scn       code   0x000000    program   0x000006
           .code___init.o       code   0x000006    program   0x000002
              high_vector       code   0x000008    program   0x000006
                   .cinit    romdata   0x00000e    program   0x00001a
             .code_main.o       code   0x000028    program   0x000a84
               _cinit_scn       code   0x000aac    program   0x00009e
                     PROG       code   0x000b4a    program   0x000088
                   STDLIB       code   0x000bd2    program   0x00003c
             D10KTCYXCODE       code   0x000c0e    program   0x00002e
         .code_fxd1616u.o       code   0x000c3c    program   0x00002c
                    .code       code   0x000c68    program   0x000020
             _startup_scn       code   0x000c88    program   0x00001c
              SEED_DATA_i    romdata   0x000ca4    program   0x000002
          .romdata_main.o    romdata   0x000ca6    program   0x000000
          .idata_main.o_i    romdata   0x000ca6    program   0x000005
      .romdata_fxd1616u.o    romdata   0x000ca6    program   0x000000
        .romdata___init.o    romdata   0x000ca6    program   0x000000
         .romdata_c018i.o    romdata   0x000ca6    program   0x000000
      .idata_fxd1616u.o_i    romdata   0x000cab    program   0x000000
        .idata___init.o_i    romdata   0x000cab    program   0x000000
         .idata_c018i.o_i    romdata   0x000cab    program   0x000000
            .code_c018i.o       code   0x000cac    program   0x000000
                MATH_DATA      udata   0x000000       data   0x000014
                 .tmpdata      udata   0x000014       data   0x000010
                 blit_tmp      udata   0x000024       data   0x000002
                DELAYDAT2      udata   0x000026       data   0x000001
                DELAYDAT1      udata   0x000027       data   0x000001
            .udata_main.o      udata   0x000080       data   0x000068
           .udata_c018i.o      udata   0x0000e8       data   0x00000a
            .idata_main.o      idata   0x0000f2       data   0x000005
                SEED_DATA      idata   0x0000f7       data   0x000002
           .idata_c018i.o      idata   0x0000f9       data   0x000000
        .udata_fxd1616u.o      udata   0x0000f9       data   0x000000
        .idata_fxd1616u.o      idata   0x0000f9       data   0x000000
          .udata___init.o      udata   0x0000f9       data   0x000000
          .idata___init.o      idata   0x0000f9       data   0x000000
                   .stack      udata   0x000500       data   0x000100
            SFR_UNBANKED0      udata   0x000f80       data   0x000080



                              Program Memory Usage 
                               Start         End      
                           ---------   ---------      
                            0x000000    0x000caa      
            3243 out of 33048 program addresses used, program memory utilization is 9%



                              Symbols - Sorted by Name
                     Name    Address   Location    Storage File                     
                ---------  ---------  ---------  --------- ---------                
                   D10K_1   0x000c1a    program     static C:\MCC18\src\traditional\delays\d10ktcyx.asm
                    D10Kl   0x000c26    program     static C:\MCC18\src\traditional\delays\d10ktcyx.asm
                    D10Kx   0x000c18    program     static C:\MCC18\src\traditional\delays\d10ktcyx.asm
                   D1616S   0x000b6c    program     static C:\MCC18\src\traditional\math\fxd1616s.asm
                D1616SNEG   0x000b7a    program     static C:\MCC18\src\traditional\math\fxd1616s.asm
                 D1616SOK   0x000b76    program     static C:\MCC18\src\traditional\math\fxd1616s.asm
                  D1616SX   0x000b8c    program     static C:\MCC18\src\traditional\math\fxd1616s.asm
                  DA1616S   0x000b5c    program     static C:\MCC18\src\traditional\math\fxd1616s.asm
             Delay10KTCYx   0x000c0e    program     extern C:\MCC18\src\traditional\delays\d10ktcyx.asm
                 FXD1616S   0x000b4a    program     extern C:\MCC18\src\traditional\math\fxd1616s.asm
                 FXD1616U   0x000c3c    program     extern C:\MCC18\src\traditional\math\fxd1616u.c
                 FXM1616U   0x000b96    program     extern C:\MCC18\src\traditional\math\fxm1616u.asm
       _D10KTCYXCODE_0010   0x000c1e    program     static C:\MCC18\src\traditional\delays\d10ktcyx.asm
       _D10KTCYXCODE_001C   0x000c2a    program     static C:\MCC18\src\traditional\delays\d10ktcyx.asm
       ___return_lbl00000   0x000188    program     static                          
       ___return_lbl00000   0x000c66    program     static                          
       ___return_lbl00000   0x000004    program     static                          
       ___return_lbl00001   0x000ca2    program     static                          
       ___return_lbl00002   0x000b48    program     static                          
       ___return_lbl00096   0x00000c    program     static                          
                   __init   0x000006    program     extern C:\MCC18\src\traditional\stdclib\__init.c
            __zero_memory   0x000c68    program     extern C:\MCC18\src\traditional\proc\p18F4520.asm
                _do_cinit   0x000aac    program     extern C:\MCC18\src\traditional\startup\c018i.c
                   _entry   0x000000    program     extern C:\MCC18\src\traditional\startup\c018i.c
                 _startup   0x000c88    program     extern C:\MCC18\src\traditional\startup\c018i.c
                 addFruit   0x000816    program     extern D:\pic\snake\snake.h     
                     blit   0x000998    program     extern D:\pic\snake\main.c      
                compare_l   0x000c7e    program     static C:\MCC18\src\traditional\proc\p18F4520.asm
         controllerUpdate   0x000028    program     extern D:\pic\snake\gamecube.h  
                copy_loop   0x000b1e    program     static                          
            copy_one_byte   0x000b24    program     static                          
                  delay11   0x000172    program     static                          
                  delay13   0x00016e    program     static                          
                  delay25   0x000156    program     static                          
                  delay29   0x00014e    program     static                          
                  delay30   0x00014c    program     static                          
                  delay31   0x00014a    program     static                          
                  delay34   0x000144    program     static                          
                   delay5   0x00017e    program     static                          
                   delay9   0x000176    program     static                          
                     done   0x000b48    program     static                          
             done_copying   0x000b32    program     static                          
                  endloop   0x000c62    program     static                          
                    error   0x00018a    program     extern D:\pic\snake\snake.h     
                      fin   0x000188    program     static                          
                    flash   0x0001ba    program     extern D:\pic\snake\snake.h     
                     game   0x000a88    program     extern D:\pic\snake\main.c      
                 get8Bits   0x000126    program     static                          
                 high_ISR   0x000008    program     extern D:\pic\snake\main.c      
                     init   0x000a22    program     extern D:\pic\snake\main.c      
                     loop   0x000c98    program     static                          
                     loop   0x000c46    program     static                          
                    loopA   0x0000a2    program     static                          
                   loop_h   0x000c76    program     static C:\MCC18\src\traditional\proc\p18F4520.asm
                   loop_l   0x000c80    program     static C:\MCC18\src\traditional\proc\p18F4520.asm
                     lose   0x000aaa    program     extern D:\pic\snake\main.c      
                     main   0x00098e    program     extern D:\pic\snake\main.c      
                nextFrame   0x0005fe    program     extern D:\pic\snake\snake.h     
            parseResponse   0x0000b0    program     static                          
                    pause   0x000806    program     extern D:\pic\snake\snake.h     
                  pressed   0x0001e4    program     extern D:\pic\snake\snake.h     
                     rand   0x000be0    program     extern C:\MCC18\src\traditional\stdclib\rand.asm
                  sendOne   0x00011a    program     static                          
                 sendZero   0x00010e    program     static                          
                  shifter   0x00012a    program     static                          
                    snake   0x0002b4    program     extern D:\pic\snake\snake.h     
                snakeInit   0x000208    program     extern D:\pic\snake\snake.h     
                    srand   0x000bd2    program     extern C:\MCC18\src\traditional\stdclib\rand.asm
                    start   0x000a66    program     extern D:\pic\snake\main.c      
                     test   0x000ac6    program     static                          
                  timeOut   0x000182    program     static                          
                      top   0x000028    program     static                          
                unhandled   0x000108    program     static                          
          updateDirection   0x000674    program     extern D:\pic\snake\snake.h     
               zero_block   0x000c76    program     static C:\MCC18\src\traditional\proc\p18F4520.asm
                   ADCON0   0x000fc2       data     extern C:\MCC18\src\traditional\proc\p18F4520.asm
               ADCON0bits   0x000fc2       data     extern C:\MCC18\src\traditional\proc\p18F4520.asm
                   ADCON1   0x000fc1       data     extern C:\MCC18\src\traditional\proc\p18F4520.asm
               ADCON1bits   0x000fc1       data     extern C:\MCC18\src\traditional\proc\p18F4520.asm
                   ADCON2   0x000fc0       data     extern C:\MCC18\src\traditional\proc\p18F4520.asm
               ADCON2bits   0x000fc0       data     extern C:\MCC18\src\traditional\proc\p18F4520.asm
                    ADRES   0x000fc3       data     extern C:\MCC18\src\traditional\proc\p18F4520.asm
                   ADRESH   0x000fc4       data     extern C:\MCC18\src\traditional\proc\p18F4520.asm
                   ADRESL   0x000fc3       data     extern C:\MCC18\src\traditional\proc\p18F4520.asm
                  BAUDCON   0x000fb8       data     extern C:\MCC18\src\traditional\proc\p18F4520.asm
              BAUDCONbits   0x000fb8       data     extern C:\MCC18\src\traditional\proc\p18F4520.asm
                  BAUDCTL   0x000fb8       data     extern C:\MCC18\src\traditional\proc\p18F4520.asm
              BAUDCTLbits   0x000fb8       data     extern C:\MCC18\src\traditional\proc\p18F4520.asm
                      BSR   0x000fe0       data     extern C:\MCC18\src\traditional\proc\p18F4520.asm
                  CCP1CON   0x000fbd       data     extern C:\MCC18\src\traditional\proc\p18F4520.asm
              CCP1CONbits   0x000fbd       data     extern C:\MCC18\src\traditional\proc\p18F4520.asm
                  CCP2CON   0x000fba       data     extern C:\MCC18\src\traditional\proc\p18F4520.asm
              CCP2CONbits   0x000fba       data     extern C:\MCC18\src\traditional\proc\p18F4520.asm
                    CCPR1   0x000fbe       data     extern C:\MCC18\src\traditional\proc\p18F4520.asm
                   CCPR1H   0x000fbf       data     extern C:\MCC18\src\traditional\proc\p18F4520.asm
                   CCPR1L   0x000fbe       data     extern C:\MCC18\src\traditional\proc\p18F4520.asm
                    CCPR2   0x000fbb       data     extern C:\MCC18\src\traditional\proc\p18F4520.asm
                   CCPR2H   0x000fbc       data     extern C:\MCC18\src\traditional\proc\p18F4520.asm
                   CCPR2L   0x000fbb       data     extern C:\MCC18\src\traditional\proc\p18F4520.asm
                    CMCON   0x000fb4       data     extern C:\MCC18\src\traditional\proc\p18F4520.asm
                CMCONbits   0x000fb4       data     extern C:\MCC18\src\traditional\proc\p18F4520.asm
                   CVRCON   0x000fb5       data     extern C:\MCC18\src\traditional\proc\p18F4520.asm
               CVRCONbits   0x000fb5       data     extern C:\MCC18\src\traditional\proc\p18F4520.asm
                     DDRA   0x000f92       data     extern C:\MCC18\src\traditional\proc\p18F4520.asm
                 DDRAbits   0x000f92       data     extern C:\MCC18\src\traditional\proc\p18F4520.asm
                     DDRB   0x000f93       data     extern C:\MCC18\src\traditional\proc\p18F4520.asm
                 DDRBbits   0x000f93       data     extern C:\MCC18\src\traditional\proc\p18F4520.asm
                     DDRC   0x000f94       data     extern C:\MCC18\src\traditional\proc\p18F4520.asm
                 DDRCbits   0x000f94       data     extern C:\MCC18\src\traditional\proc\p18F4520.asm
                     DDRD   0x000f95       data     extern C:\MCC18\src\traditional\proc\p18F4520.asm
                 DDRDbits   0x000f95       data     extern C:\MCC18\src\traditional\proc\p18F4520.asm
                     DDRE   0x000f96       data     extern C:\MCC18\src\traditional\proc\p18F4520.asm
                 DDREbits   0x000f96       data     extern C:\MCC18\src\traditional\proc\p18F4520.asm
            DelayCounter1   0x000027       data     extern C:\MCC18\src\traditional\delays\delayd1.asm
            DelayCounter2   0x000026       data     extern C:\MCC18\src\traditional\delays\delayd2.asm
                  ECCP1AS   0x000fb6       data     extern C:\MCC18\src\traditional\proc\p18F4520.asm
              ECCP1ASbits   0x000fb6       data     extern C:\MCC18\src\traditional\proc\p18F4520.asm
                    EEADR   0x000fa9       data     extern C:\MCC18\src\traditional\proc\p18F4520.asm
                   EECON1   0x000fa6       data     extern C:\MCC18\src\traditional\proc\p18F4520.asm
               EECON1bits   0x000fa6       data     extern C:\MCC18\src\traditional\proc\p18F4520.asm
                   EECON2   0x000fa7       data     extern C:\MCC18\src\traditional\proc\p18F4520.asm
                   EEDATA   0x000fa8       data     extern C:\MCC18\src\traditional\proc\p18F4520.asm
                     FSR0   0x000fe9       data     extern C:\MCC18\src\traditional\proc\p18F4520.asm
                    FSR0H   0x000fea       data     extern C:\MCC18\src\traditional\proc\p18F4520.asm
                    FSR0L   0x000fe9       data     extern C:\MCC18\src\traditional\proc\p18F4520.asm
                     FSR1   0x000fe1       data     extern C:\MCC18\src\traditional\proc\p18F4520.asm
                    FSR1H   0x000fe2       data     extern C:\MCC18\src\traditional\proc\p18F4520.asm
                    FSR1L   0x000fe1       data     extern C:\MCC18\src\traditional\proc\p18F4520.asm
                     FSR2   0x000fd9       data     extern C:\MCC18\src\traditional\proc\p18F4520.asm
                    FSR2H   0x000fda       data     extern C:\MCC18\src\traditional\proc\p18F4520.asm
                    FSR2L   0x000fd9       data     extern C:\MCC18\src\traditional\proc\p18F4520.asm
                  HLVDCON   0x000fd2       data     extern C:\MCC18\src\traditional\proc\p18F4520.asm
              HLVDCONbits   0x000fd2       data     extern C:\MCC18\src\traditional\proc\p18F4520.asm
                    INDF0   0x000fef       data     extern C:\MCC18\src\traditional\proc\p18F4520.asm
                    INDF1   0x000fe7       data     extern C:\MCC18\src\traditional\proc\p18F4520.asm
                    INDF2   0x000fdf       data     extern C:\MCC18\src\traditional\proc\p18F4520.asm
                   INTCON   0x000ff2       data     extern C:\MCC18\src\traditional\proc\p18F4520.asm
                  INTCON2   0x000ff1       data     extern C:\MCC18\src\traditional\proc\p18F4520.asm
              INTCON2bits   0x000ff1       data     extern C:\MCC18\src\traditional\proc\p18F4520.asm
                  INTCON3   0x000ff0       data     extern C:\MCC18\src\traditional\proc\p18F4520.asm
              INTCON3bits   0x000ff0       data     extern C:\MCC18\src\traditional\proc\p18F4520.asm
               INTCONbits   0x000ff2       data     extern C:\MCC18\src\traditional\proc\p18F4520.asm
                     IPR1   0x000f9f       data     extern C:\MCC18\src\traditional\proc\p18F4520.asm
                 IPR1bits   0x000f9f       data     extern C:\MCC18\src\traditional\proc\p18F4520.asm
                     IPR2   0x000fa2       data     extern C:\MCC18\src\traditional\proc\p18F4520.asm
                 IPR2bits   0x000fa2       data     extern C:\MCC18\src\traditional\proc\p18F4520.asm
                     LATA   0x000f89       data     extern C:\MCC18\src\traditional\proc\p18F4520.asm
                 LATAbits   0x000f89       data     extern C:\MCC18\src\traditional\proc\p18F4520.asm
                     LATB   0x000f8a       data     extern C:\MCC18\src\traditional\proc\p18F4520.asm
                 LATBbits   0x000f8a       data     extern C:\MCC18\src\traditional\proc\p18F4520.asm
                     LATC   0x000f8b       data     extern C:\MCC18\src\traditional\proc\p18F4520.asm
                 LATCbits   0x000f8b       data     extern C:\MCC18\src\traditional\proc\p18F4520.asm
                     LATD   0x000f8c       data     extern C:\MCC18\src\traditional\proc\p18F4520.asm
                 LATDbits   0x000f8c       data     extern C:\MCC18\src\traditional\proc\p18F4520.asm
                     LATE   0x000f8d       data     extern C:\MCC18\src\traditional\proc\p18F4520.asm
                 LATEbits   0x000f8d       data     extern C:\MCC18\src\traditional\proc\p18F4520.asm
                   LVDCON   0x000fd2       data     extern C:\MCC18\src\traditional\proc\p18F4520.asm
               LVDCONbits   0x000fd2       data     extern C:\MCC18\src\traditional\proc\p18F4520.asm
                   OSCCON   0x000fd3       data     extern C:\MCC18\src\traditional\proc\p18F4520.asm
               OSCCONbits   0x000fd3       data     extern C:\MCC18\src\traditional\proc\p18F4520.asm
                  OSCTUNE   0x000f9b       data     extern C:\MCC18\src\traditional\proc\p18F4520.asm
              OSCTUNEbits   0x000f9b       data     extern C:\MCC18\src\traditional\proc\p18F4520.asm
                       PC   0x000ff9       data     extern C:\MCC18\src\traditional\proc\p18F4520.asm
                      PCL   0x000ff9       data     extern C:\MCC18\src\traditional\proc\p18F4520.asm
                   PCLATH   0x000ffa       data     extern C:\MCC18\src\traditional\proc\p18F4520.asm
                   PCLATU   0x000ffb       data     extern C:\MCC18\src\traditional\proc\p18F4520.asm
                     PIE1   0x000f9d       data     extern C:\MCC18\src\traditional\proc\p18F4520.asm
                 PIE1bits   0x000f9d       data     extern C:\MCC18\src\traditional\proc\p18F4520.asm
                     PIE2   0x000fa0       data     extern C:\MCC18\src\traditional\proc\p18F4520.asm
                 PIE2bits   0x000fa0       data     extern C:\MCC18\src\traditional\proc\p18F4520.asm
                     PIR1   0x000f9e       data     extern C:\MCC18\src\traditional\proc\p18F4520.asm
                 PIR1bits   0x000f9e       data     extern C:\MCC18\src\traditional\proc\p18F4520.asm
                     PIR2   0x000fa1       data     extern C:\MCC18\src\traditional\proc\p18F4520.asm
                 PIR2bits   0x000fa1       data     extern C:\MCC18\src\traditional\proc\p18F4520.asm
                   PLUSW0   0x000feb       data     extern C:\MCC18\src\traditional\proc\p18F4520.asm
                   PLUSW1   0x000fe3       data     extern C:\MCC18\src\traditional\proc\p18F4520.asm
                   PLUSW2   0x000fdb       data     extern C:\MCC18\src\traditional\proc\p18F4520.asm
                    PORTA   0x000f80       data     extern C:\MCC18\src\traditional\proc\p18F4520.asm
                PORTAbits   0x000f80       data     extern C:\MCC18\src\traditional\proc\p18F4520.asm
                    PORTB   0x000f81       data     extern C:\MCC18\src\traditional\proc\p18F4520.asm
                PORTBbits   0x000f81       data     extern C:\MCC18\src\traditional\proc\p18F4520.asm
                    PORTC   0x000f82       data     extern C:\MCC18\src\traditional\proc\p18F4520.asm
                PORTCbits   0x000f82       data     extern C:\MCC18\src\traditional\proc\p18F4520.asm
                    PORTD   0x000f83       data     extern C:\MCC18\src\traditional\proc\p18F4520.asm
                PORTDbits   0x000f83       data     extern C:\MCC18\src\traditional\proc\p18F4520.asm
                    PORTE   0x000f84       data     extern C:\MCC18\src\traditional\proc\p18F4520.asm
                PORTEbits   0x000f84       data     extern C:\MCC18\src\traditional\proc\p18F4520.asm
                 POSTDEC0   0x000fed       data     extern C:\MCC18\src\traditional\proc\p18F4520.asm
                 POSTDEC1   0x000fe5       data     extern C:\MCC18\src\traditional\proc\p18F4520.asm
                 POSTDEC2   0x000fdd       data     extern C:\MCC18\src\traditional\proc\p18F4520.asm
                 POSTINC0   0x000fee       data     extern C:\MCC18\src\traditional\proc\p18F4520.asm
                 POSTINC1   0x000fe6       data     extern C:\MCC18\src\traditional\proc\p18F4520.asm
                 POSTINC2   0x000fde       data     extern C:\MCC18\src\traditional\proc\p18F4520.asm
                      PR2   0x000fcb       data     extern C:\MCC18\src\traditional\proc\p18F4520.asm
                  PREINC0   0x000fec       data     extern C:\MCC18\src\traditional\proc\p18F4520.asm
                  PREINC1   0x000fe4       data     extern C:\MCC18\src\traditional\proc\p18F4520.asm
                  PREINC2   0x000fdc       data     extern C:\MCC18\src\traditional\proc\p18F4520.asm
                     PROD   0x000ff3       data     extern C:\MCC18\src\traditional\proc\p18F4520.asm
                    PRODH   0x000ff4       data     extern C:\MCC18\src\traditional\proc\p18F4520.asm
                    PRODL   0x000ff3       data     extern C:\MCC18\src\traditional\proc\p18F4520.asm
                  PWM1CON   0x000fb7       data     extern C:\MCC18\src\traditional\proc\p18F4520.asm
              PWM1CONbits   0x000fb7       data     extern C:\MCC18\src\traditional\proc\p18F4520.asm
                     RCON   0x000fd0       data     extern C:\MCC18\src\traditional\proc\p18F4520.asm
                 RCONbits   0x000fd0       data     extern C:\MCC18\src\traditional\proc\p18F4520.asm
                    RCREG   0x000fae       data     extern C:\MCC18\src\traditional\proc\p18F4520.asm
                    RCSTA   0x000fab       data     extern C:\MCC18\src\traditional\proc\p18F4520.asm
                RCSTAbits   0x000fab       data     extern C:\MCC18\src\traditional\proc\p18F4520.asm
                     SIGN   0x000000       data     extern C:\MCC18\src\traditional\math\cmath18.asm
                    SPBRG   0x000faf       data     extern C:\MCC18\src\traditional\proc\p18F4520.asm
                   SPBRGH   0x000fb0       data     extern C:\MCC18\src\traditional\proc\p18F4520.asm
                   SSPADD   0x000fc8       data     extern C:\MCC18\src\traditional\proc\p18F4520.asm
                   SSPBUF   0x000fc9       data     extern C:\MCC18\src\traditional\proc\p18F4520.asm
                  SSPCON1   0x000fc6       data     extern C:\MCC18\src\traditional\proc\p18F4520.asm
              SSPCON1bits   0x000fc6       data     extern C:\MCC18\src\traditional\proc\p18F4520.asm
                  SSPCON2   0x000fc5       data     extern C:\MCC18\src\traditional\proc\p18F4520.asm
              SSPCON2bits   0x000fc5       data     extern C:\MCC18\src\traditional\proc\p18F4520.asm
                  SSPSTAT   0x000fc7       data     extern C:\MCC18\src\traditional\proc\p18F4520.asm
              SSPSTATbits   0x000fc7       data     extern C:\MCC18\src\traditional\proc\p18F4520.asm
                   STATUS   0x000fd8       data     extern C:\MCC18\src\traditional\proc\p18F4520.asm
               STATUSbits   0x000fd8       data     extern C:\MCC18\src\traditional\proc\p18F4520.asm
                   STKPTR   0x000ffc       data     extern C:\MCC18\src\traditional\proc\p18F4520.asm
               STKPTRbits   0x000ffc       data     extern C:\MCC18\src\traditional\proc\p18F4520.asm
                     Seed   0x0000f7       data     static C:\MCC18\src\traditional\stdclib\rand.asm
                    T0CON   0x000fd5       data     extern C:\MCC18\src\traditional\proc\p18F4520.asm
                T0CONbits   0x000fd5       data     extern C:\MCC18\src\traditional\proc\p18F4520.asm
                    T1CON   0x000fcd       data     extern C:\MCC18\src\traditional\proc\p18F4520.asm
                T1CONbits   0x000fcd       data     extern C:\MCC18\src\traditional\proc\p18F4520.asm
                    T2CON   0x000fca       data     extern C:\MCC18\src\traditional\proc\p18F4520.asm
                T2CONbits   0x000fca       data     extern C:\MCC18\src\traditional\proc\p18F4520.asm
                    T3CON   0x000fb1       data     extern C:\MCC18\src\traditional\proc\p18F4520.asm
                T3CONbits   0x000fb1       data     extern C:\MCC18\src\traditional\proc\p18F4520.asm
                   TABLAT   0x000ff5       data     extern C:\MCC18\src\traditional\proc\p18F4520.asm
                   TBLPTR   0x000ff6       data     extern C:\MCC18\src\traditional\proc\p18F4520.asm
                  TBLPTRH   0x000ff7       data     extern C:\MCC18\src\traditional\proc\p18F4520.asm
                  TBLPTRL   0x000ff6       data     extern C:\MCC18\src\traditional\proc\p18F4520.asm
                  TBLPTRU   0x000ff8       data     extern C:\MCC18\src\traditional\proc\p18F4520.asm
                    TMR0H   0x000fd7       data     extern C:\MCC18\src\traditional\proc\p18F4520.asm
                    TMR0L   0x000fd6       data     extern C:\MCC18\src\traditional\proc\p18F4520.asm
                    TMR1H   0x000fcf       data     extern C:\MCC18\src\traditional\proc\p18F4520.asm
                    TMR1L   0x000fce       data     extern C:\MCC18\src\traditional\proc\p18F4520.asm
                     TMR2   0x000fcc       data     extern C:\MCC18\src\traditional\proc\p18F4520.asm
                    TMR3H   0x000fb3       data     extern C:\MCC18\src\traditional\proc\p18F4520.asm
                    TMR3L   0x000fb2       data     extern C:\MCC18\src\traditional\proc\p18F4520.asm
                      TOS   0x000ffd       data     extern C:\MCC18\src\traditional\proc\p18F4520.asm
                     TOSH   0x000ffe       data     extern C:\MCC18\src\traditional\proc\p18F4520.asm
                     TOSL   0x000ffd       data     extern C:\MCC18\src\traditional\proc\p18F4520.asm
                     TOSU   0x000fff       data     extern C:\MCC18\src\traditional\proc\p18F4520.asm
                    TRISA   0x000f92       data     extern C:\MCC18\src\traditional\proc\p18F4520.asm
                TRISAbits   0x000f92       data     extern C:\MCC18\src\traditional\proc\p18F4520.asm
                    TRISB   0x000f93       data     extern C:\MCC18\src\traditional\proc\p18F4520.asm
                TRISBbits   0x000f93       data     extern C:\MCC18\src\traditional\proc\p18F4520.asm
                    TRISC   0x000f94       data     extern C:\MCC18\src\traditional\proc\p18F4520.asm
                TRISCbits   0x000f94       data     extern C:\MCC18\src\traditional\proc\p18F4520.asm
                    TRISD   0x000f95       data     extern C:\MCC18\src\traditional\proc\p18F4520.asm
                TRISDbits   0x000f95       data     extern C:\MCC18\src\traditional\proc\p18F4520.asm
                    TRISE   0x000f96       data     extern C:\MCC18\src\traditional\proc\p18F4520.asm
                TRISEbits   0x000f96       data     extern C:\MCC18\src\traditional\proc\p18F4520.asm
                    TXREG   0x000fad       data     extern C:\MCC18\src\traditional\proc\p18F4520.asm
                    TXSTA   0x000fac       data     extern C:\MCC18\src\traditional\proc\p18F4520.asm
                TXSTAbits   0x000fac       data     extern C:\MCC18\src\traditional\proc\p18F4520.asm
                        W   0x000fe8       data     extern C:\MCC18\src\traditional\proc\p18F4520.asm
                   WDTCON   0x000fd1       data     extern C:\MCC18\src\traditional\proc\p18F4520.asm
               WDTCONbits   0x000fd1       data     extern C:\MCC18\src\traditional\proc\p18F4520.asm
                     WREG   0x000fe8       data     extern C:\MCC18\src\traditional\proc\p18F4520.asm
                        X   0x0000e0       data     extern D:\pic\snake\snake.h     
                        Y   0x0000e1       data     extern D:\pic\snake\snake.h     
                        Z   0x0000e2       data     extern D:\pic\snake\snake.h     
                 __AARGB0   0x000009       data     extern C:\MCC18\src\traditional\math\aarg.asm
                 __AARGB1   0x000008       data     extern C:\MCC18\src\traditional\math\aarg.asm
                 __AARGB2   0x000007       data     extern C:\MCC18\src\traditional\math\aarg.asm
                 __AARGB3   0x000006       data     extern C:\MCC18\src\traditional\math\aarg.asm
                 __AARGB4   0x000005       data     extern C:\MCC18\src\traditional\math\aarg.asm
                 __AARGB5   0x000004       data     extern C:\MCC18\src\traditional\math\aarg.asm
                 __AARGB6   0x000003       data     extern C:\MCC18\src\traditional\math\aarg.asm
                 __AARGB7   0x000002       data     extern C:\MCC18\src\traditional\math\aarg.asm
                   __AEXP   0x00000a       data     extern C:\MCC18\src\traditional\math\aarg.asm
                 __BARGB0   0x00000e       data     extern C:\MCC18\src\traditional\math\barg.asm
                 __BARGB1   0x00000d       data     extern C:\MCC18\src\traditional\math\barg.asm
                 __BARGB2   0x00000c       data     extern C:\MCC18\src\traditional\math\barg.asm
                 __BARGB3   0x00000b       data     extern C:\MCC18\src\traditional\math\barg.asm
                   __BEXP   0x00000f       data     extern C:\MCC18\src\traditional\math\barg.asm
                __FPFLAGS   0x000001       data     extern C:\MCC18\src\traditional\math\cmath18.asm
            __FPFLAGSbits   0x000001       data     extern C:\MCC18\src\traditional\math\cmath18.asm
                  __REMB0   0x000005       data     extern C:\MCC18\src\traditional\math\aarg.asm
                  __REMB1   0x000004       data     extern C:\MCC18\src\traditional\math\aarg.asm
                  __REMB2   0x000003       data     extern C:\MCC18\src\traditional\math\aarg.asm
                  __REMB3   0x000002       data     extern C:\MCC18\src\traditional\math\aarg.asm
                   __TEMP   0x000013       data     extern C:\MCC18\src\traditional\math\temparg.asm
                 __TEMPB0   0x000013       data     extern C:\MCC18\src\traditional\math\temparg.asm
                 __TEMPB1   0x000012       data     extern C:\MCC18\src\traditional\math\temparg.asm
                 __TEMPB2   0x000011       data     extern C:\MCC18\src\traditional\math\temparg.asm
                 __TEMPB3   0x000010       data     extern C:\MCC18\src\traditional\math\temparg.asm
                  __tmp_0   0x000014       data     static D:\pic\snake\main.c      
                  __tmp_1   0x000024       data     static D:\pic\snake\main.c      
                 buttons0   0x000080       data     extern D:\pic\snake\gamecube.h  
                 buttons1   0x000081       data     extern D:\pic\snake\gamecube.h  
                 buttons2   0x000082       data     extern D:\pic\snake\gamecube.h  
                 buttons3   0x000083       data     extern D:\pic\snake\gamecube.h  
                 buttons4   0x000084       data     extern D:\pic\snake\gamecube.h  
                 buttons5   0x000085       data     extern D:\pic\snake\gamecube.h  
                 buttons6   0x000086       data     extern D:\pic\snake\gamecube.h  
                 buttons7   0x000087       data     extern D:\pic\snake\gamecube.h  
                curr_byte   0x0000eb       data     static C:\MCC18\src\traditional\startup\c018i.c
               curr_entry   0x0000ed       data     static C:\MCC18\src\traditional\startup\c018i.c
           currentDisplay   0x0000cb       data     extern D:\pic\snake\snake.h     
                 data_ptr   0x0000ef       data     static C:\MCC18\src\traditional\startup\c018i.c
                direction   0x0000dd       data     extern D:\pic\snake\snake.h     
           displayCounter   0x0000f3       data     extern D:\pic\snake\main.c      
                        i   0x000088       data     extern D:\pic\snake\snake.h     
                        j   0x000089       data     extern D:\pic\snake\snake.h     
                        k   0x00008a       data     extern D:\pic\snake\snake.h     
             layerToLight   0x0000f2       data     extern D:\pic\snake\main.c      
                   length   0x0000df       data     extern D:\pic\snake\snake.h     
                 loseFlag   0x0000f6       data     extern D:\pic\snake\main.c      
                 maxFruit   0x0000e7       data     extern D:\pic\snake\snake.h     
              nextDisplay   0x0000d3       data     extern D:\pic\snake\snake.h     
                    nextX   0x0000e3       data     extern D:\pic\snake\snake.h     
                    nextY   0x0000e4       data     extern D:\pic\snake\snake.h     
                    nextZ   0x0000e5       data     extern D:\pic\snake\snake.h     
                 numFruit   0x0000e6       data     extern D:\pic\snake\snake.h     
             oldDirection   0x0000de       data     extern D:\pic\snake\snake.h     
              placeHolder   0x0000db       data     extern D:\pic\snake\snake.h     
                    plane   0x00008b       data     extern D:\pic\snake\snake.h     
                     prom   0x0000e8       data     static C:\MCC18\src\traditional\startup\c018i.c
               switchFlag   0x0000f5       data     extern D:\pic\snake\main.c      



                              Symbols - Sorted by Address
                     Name    Address   Location    Storage File                     
                ---------  ---------  ---------  --------- ---------                
                   _entry   0x000000    program     extern C:\MCC18\src\traditional\startup\c018i.c
       ___return_lbl00000   0x000004    program     static                          
                   __init   0x000006    program     extern C:\MCC18\src\traditional\stdclib\__init.c
                 high_ISR   0x000008    program     extern D:\pic\snake\main.c      
       ___return_lbl00096   0x00000c    program     static                          
         controllerUpdate   0x000028    program     extern D:\pic\snake\gamecube.h  
                      top   0x000028    program     static                          
                    loopA   0x0000a2    program     static                          
            parseResponse   0x0000b0    program     static                          
                unhandled   0x000108    program     static                          
                 sendZero   0x00010e    program     static                          
                  sendOne   0x00011a    program     static                          
                 get8Bits   0x000126    program     static                          
                  shifter   0x00012a    program     static                          
                  delay34   0x000144    program     static                          
                  delay31   0x00014a    program     static                          
                  delay30   0x00014c    program     static                          
                  delay29   0x00014e    program     static                          
                  delay25   0x000156    program     static                          
                  delay13   0x00016e    program     static                          
                  delay11   0x000172    program     static                          
                   delay9   0x000176    program     static                          
                   delay5   0x00017e    program     static                          
                  timeOut   0x000182    program     static                          
       ___return_lbl00000   0x000188    program     static                          
                      fin   0x000188    program     static                          
                    error   0x00018a    program     extern D:\pic\snake\snake.h     
                    flash   0x0001ba    program     extern D:\pic\snake\snake.h     
                  pressed   0x0001e4    program     extern D:\pic\snake\snake.h     
                snakeInit   0x000208    program     extern D:\pic\snake\snake.h     
                    snake   0x0002b4    program     extern D:\pic\snake\snake.h     
                nextFrame   0x0005fe    program     extern D:\pic\snake\snake.h     
          updateDirection   0x000674    program     extern D:\pic\snake\snake.h     
                    pause   0x000806    program     extern D:\pic\snake\snake.h     
                 addFruit   0x000816    program     extern D:\pic\snake\snake.h     
                     main   0x00098e    program     extern D:\pic\snake\main.c      
                     blit   0x000998    program     extern D:\pic\snake\main.c      
                     init   0x000a22    program     extern D:\pic\snake\main.c      
                    start   0x000a66    program     extern D:\pic\snake\main.c      
                     game   0x000a88    program     extern D:\pic\snake\main.c      
                     lose   0x000aaa    program     extern D:\pic\snake\main.c      
                _do_cinit   0x000aac    program     extern C:\MCC18\src\traditional\startup\c018i.c
                     test   0x000ac6    program     static                          
                copy_loop   0x000b1e    program     static                          
            copy_one_byte   0x000b24    program     static                          
             done_copying   0x000b32    program     static                          
                     done   0x000b48    program     static                          
       ___return_lbl00002   0x000b48    program     static                          
                 FXD1616S   0x000b4a    program     extern C:\MCC18\src\traditional\math\fxd1616s.asm
                  DA1616S   0x000b5c    program     static C:\MCC18\src\traditional\math\fxd1616s.asm
                   D1616S   0x000b6c    program     static C:\MCC18\src\traditional\math\fxd1616s.asm
                 D1616SOK   0x000b76    program     static C:\MCC18\src\traditional\math\fxd1616s.asm
                D1616SNEG   0x000b7a    program     static C:\MCC18\src\traditional\math\fxd1616s.asm
                  D1616SX   0x000b8c    program     static C:\MCC18\src\traditional\math\fxd1616s.asm
                 FXM1616U   0x000b96    program     extern C:\MCC18\src\traditional\math\fxm1616u.asm
                    srand   0x000bd2    program     extern C:\MCC18\src\traditional\stdclib\rand.asm
                     rand   0x000be0    program     extern C:\MCC18\src\traditional\stdclib\rand.asm
             Delay10KTCYx   0x000c0e    program     extern C:\MCC18\src\traditional\delays\d10ktcyx.asm
                    D10Kx   0x000c18    program     static C:\MCC18\src\traditional\delays\d10ktcyx.asm
                   D10K_1   0x000c1a    program     static C:\MCC18\src\traditional\delays\d10ktcyx.asm
       _D10KTCYXCODE_0010   0x000c1e    program     static C:\MCC18\src\traditional\delays\d10ktcyx.asm
                    D10Kl   0x000c26    program     static C:\MCC18\src\traditional\delays\d10ktcyx.asm
       _D10KTCYXCODE_001C   0x000c2a    program     static C:\MCC18\src\traditional\delays\d10ktcyx.asm
                 FXD1616U   0x000c3c    program     extern C:\MCC18\src\traditional\math\fxd1616u.c
                     loop   0x000c46    program     static                          
                  endloop   0x000c62    program     static                          
       ___return_lbl00000   0x000c66    program     static                          
            __zero_memory   0x000c68    program     extern C:\MCC18\src\traditional\proc\p18F4520.asm
                   loop_h   0x000c76    program     static C:\MCC18\src\traditional\proc\p18F4520.asm
               zero_block   0x000c76    program     static C:\MCC18\src\traditional\proc\p18F4520.asm
                compare_l   0x000c7e    program     static C:\MCC18\src\traditional\proc\p18F4520.asm
                   loop_l   0x000c80    program     static C:\MCC18\src\traditional\proc\p18F4520.asm
                 _startup   0x000c88    program     extern C:\MCC18\src\traditional\startup\c018i.c
                     loop   0x000c98    program     static                          
       ___return_lbl00001   0x000ca2    program     static                          
                     SIGN   0x000000       data     extern C:\MCC18\src\traditional\math\cmath18.asm
            __FPFLAGSbits   0x000001       data     extern C:\MCC18\src\traditional\math\cmath18.asm
                __FPFLAGS   0x000001       data     extern C:\MCC18\src\traditional\math\cmath18.asm
                  __REMB3   0x000002       data     extern C:\MCC18\src\traditional\math\aarg.asm
                 __AARGB7   0x000002       data     extern C:\MCC18\src\traditional\math\aarg.asm
                  __REMB2   0x000003       data     extern C:\MCC18\src\traditional\math\aarg.asm
                 __AARGB6   0x000003       data     extern C:\MCC18\src\traditional\math\aarg.asm
                  __REMB1   0x000004       data     extern C:\MCC18\src\traditional\math\aarg.asm
                 __AARGB5   0x000004       data     extern C:\MCC18\src\traditional\math\aarg.asm
                  __REMB0   0x000005       data     extern C:\MCC18\src\traditional\math\aarg.asm
                 __AARGB4   0x000005       data     extern C:\MCC18\src\traditional\math\aarg.asm
                 __AARGB3   0x000006       data     extern C:\MCC18\src\traditional\math\aarg.asm
                 __AARGB2   0x000007       data     extern C:\MCC18\src\traditional\math\aarg.asm
                 __AARGB1   0x000008       data     extern C:\MCC18\src\traditional\math\aarg.asm
                 __AARGB0   0x000009       data     extern C:\MCC18\src\traditional\math\aarg.asm
                   __AEXP   0x00000a       data     extern C:\MCC18\src\traditional\math\aarg.asm
                 __BARGB3   0x00000b       data     extern C:\MCC18\src\traditional\math\barg.asm
                 __BARGB2   0x00000c       data     extern C:\MCC18\src\traditional\math\barg.asm
                 __BARGB1   0x00000d       data     extern C:\MCC18\src\traditional\math\barg.asm
                 __BARGB0   0x00000e       data     extern C:\MCC18\src\traditional\math\barg.asm
                   __BEXP   0x00000f       data     extern C:\MCC18\src\traditional\math\barg.asm
                 __TEMPB3   0x000010       data     extern C:\MCC18\src\traditional\math\temparg.asm
                 __TEMPB2   0x000011       data     extern C:\MCC18\src\traditional\math\temparg.asm
                 __TEMPB1   0x000012       data     extern C:\MCC18\src\traditional\math\temparg.asm
                   __TEMP   0x000013       data     extern C:\MCC18\src\traditional\math\temparg.asm
                 __TEMPB0   0x000013       data     extern C:\MCC18\src\traditional\math\temparg.asm
                  __tmp_0   0x000014       data     static D:\pic\snake\main.c      
                  __tmp_1   0x000024       data     static D:\pic\snake\main.c      
            DelayCounter2   0x000026       data     extern C:\MCC18\src\traditional\delays\delayd2.asm
            DelayCounter1   0x000027       data     extern C:\MCC18\src\traditional\delays\delayd1.asm
                 buttons0   0x000080       data     extern D:\pic\snake\gamecube.h  
                 buttons1   0x000081       data     extern D:\pic\snake\gamecube.h  
                 buttons2   0x000082       data     extern D:\pic\snake\gamecube.h  
                 buttons3   0x000083       data     extern D:\pic\snake\gamecube.h  
                 buttons4   0x000084       data     extern D:\pic\snake\gamecube.h  
                 buttons5   0x000085       data     extern D:\pic\snake\gamecube.h  
                 buttons6   0x000086       data     extern D:\pic\snake\gamecube.h  
                 buttons7   0x000087       data     extern D:\pic\snake\gamecube.h  
                        i   0x000088       data     extern D:\pic\snake\snake.h     
                        j   0x000089       data     extern D:\pic\snake\snake.h     
                        k   0x00008a       data     extern D:\pic\snake\snake.h     
                    plane   0x00008b       data     extern D:\pic\snake\snake.h     
           currentDisplay   0x0000cb       data     extern D:\pic\snake\snake.h     
              nextDisplay   0x0000d3       data     extern D:\pic\snake\snake.h     
              placeHolder   0x0000db       data     extern D:\pic\snake\snake.h     
                direction   0x0000dd       data     extern D:\pic\snake\snake.h     
             oldDirection   0x0000de       data     extern D:\pic\snake\snake.h     
                   length   0x0000df       data     extern D:\pic\snake\snake.h     
                        X   0x0000e0       data     extern D:\pic\snake\snake.h     
                        Y   0x0000e1       data     extern D:\pic\snake\snake.h     
                        Z   0x0000e2       data     extern D:\pic\snake\snake.h     
                    nextX   0x0000e3       data     extern D:\pic\snake\snake.h     
                    nextY   0x0000e4       data     extern D:\pic\snake\snake.h     
                    nextZ   0x0000e5       data     extern D:\pic\snake\snake.h     
                 numFruit   0x0000e6       data     extern D:\pic\snake\snake.h     
                 maxFruit   0x0000e7       data     extern D:\pic\snake\snake.h     
                     prom   0x0000e8       data     static C:\MCC18\src\traditional\startup\c018i.c
                curr_byte   0x0000eb       data     static C:\MCC18\src\traditional\startup\c018i.c
               curr_entry   0x0000ed       data     static C:\MCC18\src\traditional\startup\c018i.c
                 data_ptr   0x0000ef       data     static C:\MCC18\src\traditional\startup\c018i.c
             layerToLight   0x0000f2       data     extern D:\pic\snake\main.c      
           displayCounter   0x0000f3       data     extern D:\pic\snake\main.c      
               switchFlag   0x0000f5       data     extern D:\pic\snake\main.c      
                 loseFlag   0x0000f6       data     extern D:\pic\snake\main.c      
                     Seed   0x0000f7       data     static C:\MCC18\src\traditional\stdclib\rand.asm
                    PORTA   0x000f80       data     extern C:\MCC18\src\traditional\proc\p18F4520.asm
                PORTAbits   0x000f80       data     extern C:\MCC18\src\traditional\proc\p18F4520.asm
                    PORTB   0x000f81       data     extern C:\MCC18\src\traditional\proc\p18F4520.asm
                PORTBbits   0x000f81       data     extern C:\MCC18\src\traditional\proc\p18F4520.asm
                    PORTC   0x000f82       data     extern C:\MCC18\src\traditional\proc\p18F4520.asm
                PORTCbits   0x000f82       data     extern C:\MCC18\src\traditional\proc\p18F4520.asm
                PORTDbits   0x000f83       data     extern C:\MCC18\src\traditional\proc\p18F4520.asm
                    PORTD   0x000f83       data     extern C:\MCC18\src\traditional\proc\p18F4520.asm
                PORTEbits   0x000f84       data     extern C:\MCC18\src\traditional\proc\p18F4520.asm
                    PORTE   0x000f84       data     extern C:\MCC18\src\traditional\proc\p18F4520.asm
                 LATAbits   0x000f89       data     extern C:\MCC18\src\traditional\proc\p18F4520.asm
                     LATA   0x000f89       data     extern C:\MCC18\src\traditional\proc\p18F4520.asm
                 LATBbits   0x000f8a       data     extern C:\MCC18\src\traditional\proc\p18F4520.asm
                     LATB   0x000f8a       data     extern C:\MCC18\src\traditional\proc\p18F4520.asm
                     LATC   0x000f8b       data     extern C:\MCC18\src\traditional\proc\p18F4520.asm
                 LATCbits   0x000f8b       data     extern C:\MCC18\src\traditional\proc\p18F4520.asm
                     LATD   0x000f8c       data     extern C:\MCC18\src\traditional\proc\p18F4520.asm
                 LATDbits   0x000f8c       data     extern C:\MCC18\src\traditional\proc\p18F4520.asm
                     LATE   0x000f8d       data     extern C:\MCC18\src\traditional\proc\p18F4520.asm
                 LATEbits   0x000f8d       data     extern C:\MCC18\src\traditional\proc\p18F4520.asm
                    TRISA   0x000f92       data     extern C:\MCC18\src\traditional\proc\p18F4520.asm
                     DDRA   0x000f92       data     extern C:\MCC18\src\traditional\proc\p18F4520.asm
                TRISAbits   0x000f92       data     extern C:\MCC18\src\traditional\proc\p18F4520.asm
                 DDRAbits   0x000f92       data     extern C:\MCC18\src\traditional\proc\p18F4520.asm
                 DDRBbits   0x000f93       data     extern C:\MCC18\src\traditional\proc\p18F4520.asm
                    TRISB   0x000f93       data     extern C:\MCC18\src\traditional\proc\p18F4520.asm
                TRISBbits   0x000f93       data     extern C:\MCC18\src\traditional\proc\p18F4520.asm
                     DDRB   0x000f93       data     extern C:\MCC18\src\traditional\proc\p18F4520.asm
                    TRISC   0x000f94       data     extern C:\MCC18\src\traditional\proc\p18F4520.asm
                TRISCbits   0x000f94       data     extern C:\MCC18\src\traditional\proc\p18F4520.asm
                 DDRCbits   0x000f94       data     extern C:\MCC18\src\traditional\proc\p18F4520.asm
                     DDRC   0x000f94       data     extern C:\MCC18\src\traditional\proc\p18F4520.asm
                 DDRDbits   0x000f95       data     extern C:\MCC18\src\traditional\proc\p18F4520.asm
                    TRISD   0x000f95       data     extern C:\MCC18\src\traditional\proc\p18F4520.asm
                TRISDbits   0x000f95       data     extern C:\MCC18\src\traditional\proc\p18F4520.asm
                     DDRD   0x000f95       data     extern C:\MCC18\src\traditional\proc\p18F4520.asm
                    TRISE   0x000f96       data     extern C:\MCC18\src\traditional\proc\p18F4520.asm
                TRISEbits   0x000f96       data     extern C:\MCC18\src\traditional\proc\p18F4520.asm
                     DDRE   0x000f96       data     extern C:\MCC18\src\traditional\proc\p18F4520.asm
                 DDREbits   0x000f96       data     extern C:\MCC18\src\traditional\proc\p18F4520.asm
              OSCTUNEbits   0x000f9b       data     extern C:\MCC18\src\traditional\proc\p18F4520.asm
                  OSCTUNE   0x000f9b       data     extern C:\MCC18\src\traditional\proc\p18F4520.asm
                 PIE1bits   0x000f9d       data     extern C:\MCC18\src\traditional\proc\p18F4520.asm
                     PIE1   0x000f9d       data     extern C:\MCC18\src\traditional\proc\p18F4520.asm
                 PIR1bits   0x000f9e       data     extern C:\MCC18\src\traditional\proc\p18F4520.asm
                     PIR1   0x000f9e       data     extern C:\MCC18\src\traditional\proc\p18F4520.asm
                     IPR1   0x000f9f       data     extern C:\MCC18\src\traditional\proc\p18F4520.asm
                 IPR1bits   0x000f9f       data     extern C:\MCC18\src\traditional\proc\p18F4520.asm
                 PIE2bits   0x000fa0       data     extern C:\MCC18\src\traditional\proc\p18F4520.asm
                     PIE2   0x000fa0       data     extern C:\MCC18\src\traditional\proc\p18F4520.asm
                     PIR2   0x000fa1       data     extern C:\MCC18\src\traditional\proc\p18F4520.asm
                 PIR2bits   0x000fa1       data     extern C:\MCC18\src\traditional\proc\p18F4520.asm
                 IPR2bits   0x000fa2       data     extern C:\MCC18\src\traditional\proc\p18F4520.asm
                     IPR2   0x000fa2       data     extern C:\MCC18\src\traditional\proc\p18F4520.asm
                   EECON1   0x000fa6       data     extern C:\MCC18\src\traditional\proc\p18F4520.asm
               EECON1bits   0x000fa6       data     extern C:\MCC18\src\traditional\proc\p18F4520.asm
                   EECON2   0x000fa7       data     extern C:\MCC18\src\traditional\proc\p18F4520.asm
                   EEDATA   0x000fa8       data     extern C:\MCC18\src\traditional\proc\p18F4520.asm
                    EEADR   0x000fa9       data     extern C:\MCC18\src\traditional\proc\p18F4520.asm
                    RCSTA   0x000fab       data     extern C:\MCC18\src\traditional\proc\p18F4520.asm
                RCSTAbits   0x000fab       data     extern C:\MCC18\src\traditional\proc\p18F4520.asm
                    TXSTA   0x000fac       data     extern C:\MCC18\src\traditional\proc\p18F4520.asm
                TXSTAbits   0x000fac       data     extern C:\MCC18\src\traditional\proc\p18F4520.asm
                    TXREG   0x000fad       data     extern C:\MCC18\src\traditional\proc\p18F4520.asm
                    RCREG   0x000fae       data     extern C:\MCC18\src\traditional\proc\p18F4520.asm
                    SPBRG   0x000faf       data     extern C:\MCC18\src\traditional\proc\p18F4520.asm
                   SPBRGH   0x000fb0       data     extern C:\MCC18\src\traditional\proc\p18F4520.asm
                    T3CON   0x000fb1       data     extern C:\MCC18\src\traditional\proc\p18F4520.asm
                T3CONbits   0x000fb1       data     extern C:\MCC18\src\traditional\proc\p18F4520.asm
                    TMR3L   0x000fb2       data     extern C:\MCC18\src\traditional\proc\p18F4520.asm
                    TMR3H   0x000fb3       data     extern C:\MCC18\src\traditional\proc\p18F4520.asm
                    CMCON   0x000fb4       data     extern C:\MCC18\src\traditional\proc\p18F4520.asm
                CMCONbits   0x000fb4       data     extern C:\MCC18\src\traditional\proc\p18F4520.asm
               CVRCONbits   0x000fb5       data     extern C:\MCC18\src\traditional\proc\p18F4520.asm
                   CVRCON   0x000fb5       data     extern C:\MCC18\src\traditional\proc\p18F4520.asm
              ECCP1ASbits   0x000fb6       data     extern C:\MCC18\src\traditional\proc\p18F4520.asm
                  ECCP1AS   0x000fb6       data     extern C:\MCC18\src\traditional\proc\p18F4520.asm
              PWM1CONbits   0x000fb7       data     extern C:\MCC18\src\traditional\proc\p18F4520.asm
                  PWM1CON   0x000fb7       data     extern C:\MCC18\src\traditional\proc\p18F4520.asm
              BAUDCTLbits   0x000fb8       data     extern C:\MCC18\src\traditional\proc\p18F4520.asm
                  BAUDCTL   0x000fb8       data     extern C:\MCC18\src\traditional\proc\p18F4520.asm
              BAUDCONbits   0x000fb8       data     extern C:\MCC18\src\traditional\proc\p18F4520.asm
                  BAUDCON   0x000fb8       data     extern C:\MCC18\src\traditional\proc\p18F4520.asm
                  CCP2CON   0x000fba       data     extern C:\MCC18\src\traditional\proc\p18F4520.asm
              CCP2CONbits   0x000fba       data     extern C:\MCC18\src\traditional\proc\p18F4520.asm
                   CCPR2L   0x000fbb       data     extern C:\MCC18\src\traditional\proc\p18F4520.asm
                    CCPR2   0x000fbb       data     extern C:\MCC18\src\traditional\proc\p18F4520.asm
                   CCPR2H   0x000fbc       data     extern C:\MCC18\src\traditional\proc\p18F4520.asm
                  CCP1CON   0x000fbd       data     extern C:\MCC18\src\traditional\proc\p18F4520.asm
              CCP1CONbits   0x000fbd       data     extern C:\MCC18\src\traditional\proc\p18F4520.asm
                    CCPR1   0x000fbe       data     extern C:\MCC18\src\traditional\proc\p18F4520.asm
                   CCPR1L   0x000fbe       data     extern C:\MCC18\src\traditional\proc\p18F4520.asm
                   CCPR1H   0x000fbf       data     extern C:\MCC18\src\traditional\proc\p18F4520.asm
               ADCON2bits   0x000fc0       data     extern C:\MCC18\src\traditional\proc\p18F4520.asm
                   ADCON2   0x000fc0       data     extern C:\MCC18\src\traditional\proc\p18F4520.asm
               ADCON1bits   0x000fc1       data     extern C:\MCC18\src\traditional\proc\p18F4520.asm
                   ADCON1   0x000fc1       data     extern C:\MCC18\src\traditional\proc\p18F4520.asm
                   ADCON0   0x000fc2       data     extern C:\MCC18\src\traditional\proc\p18F4520.asm
               ADCON0bits   0x000fc2       data     extern C:\MCC18\src\traditional\proc\p18F4520.asm
                   ADRESL   0x000fc3       data     extern C:\MCC18\src\traditional\proc\p18F4520.asm
                    ADRES   0x000fc3       data     extern C:\MCC18\src\traditional\proc\p18F4520.asm
                   ADRESH   0x000fc4       data     extern C:\MCC18\src\traditional\proc\p18F4520.asm
                  SSPCON2   0x000fc5       data     extern C:\MCC18\src\traditional\proc\p18F4520.asm
              SSPCON2bits   0x000fc5       data     extern C:\MCC18\src\traditional\proc\p18F4520.asm
              SSPCON1bits   0x000fc6       data     extern C:\MCC18\src\traditional\proc\p18F4520.asm
                  SSPCON1   0x000fc6       data     extern C:\MCC18\src\traditional\proc\p18F4520.asm
              SSPSTATbits   0x000fc7       data     extern C:\MCC18\src\traditional\proc\p18F4520.asm
                  SSPSTAT   0x000fc7       data     extern C:\MCC18\src\traditional\proc\p18F4520.asm
                   SSPADD   0x000fc8       data     extern C:\MCC18\src\traditional\proc\p18F4520.asm
                   SSPBUF   0x000fc9       data     extern C:\MCC18\src\traditional\proc\p18F4520.asm
                T2CONbits   0x000fca       data     extern C:\MCC18\src\traditional\proc\p18F4520.asm
                    T2CON   0x000fca       data     extern C:\MCC18\src\traditional\proc\p18F4520.asm
                      PR2   0x000fcb       data     extern C:\MCC18\src\traditional\proc\p18F4520.asm
                     TMR2   0x000fcc       data     extern C:\MCC18\src\traditional\proc\p18F4520.asm
                T1CONbits   0x000fcd       data     extern C:\MCC18\src\traditional\proc\p18F4520.asm
                    T1CON   0x000fcd       data     extern C:\MCC18\src\traditional\proc\p18F4520.asm
                    TMR1L   0x000fce       data     extern C:\MCC18\src\traditional\proc\p18F4520.asm
                    TMR1H   0x000fcf       data     extern C:\MCC18\src\traditional\proc\p18F4520.asm
                 RCONbits   0x000fd0       data     extern C:\MCC18\src\traditional\proc\p18F4520.asm
                     RCON   0x000fd0       data     extern C:\MCC18\src\traditional\proc\p18F4520.asm
                   WDTCON   0x000fd1       data     extern C:\MCC18\src\traditional\proc\p18F4520.asm
               WDTCONbits   0x000fd1       data     extern C:\MCC18\src\traditional\proc\p18F4520.asm
                  HLVDCON   0x000fd2       data     extern C:\MCC18\src\traditional\proc\p18F4520.asm
              HLVDCONbits   0x000fd2       data     extern C:\MCC18\src\traditional\proc\p18F4520.asm
                   LVDCON   0x000fd2       data     extern C:\MCC18\src\traditional\proc\p18F4520.asm
               LVDCONbits   0x000fd2       data     extern C:\MCC18\src\traditional\proc\p18F4520.asm
                   OSCCON   0x000fd3       data     extern C:\MCC18\src\traditional\proc\p18F4520.asm
               OSCCONbits   0x000fd3       data     extern C:\MCC18\src\traditional\proc\p18F4520.asm
                    T0CON   0x000fd5       data     extern C:\MCC18\src\traditional\proc\p18F4520.asm
                T0CONbits   0x000fd5       data     extern C:\MCC18\src\traditional\proc\p18F4520.asm
                    TMR0L   0x000fd6       data     extern C:\MCC18\src\traditional\proc\p18F4520.asm
                    TMR0H   0x000fd7       data     extern C:\MCC18\src\traditional\proc\p18F4520.asm
                   STATUS   0x000fd8       data     extern C:\MCC18\src\traditional\proc\p18F4520.asm
               STATUSbits   0x000fd8       data     extern C:\MCC18\src\traditional\proc\p18F4520.asm
                     FSR2   0x000fd9       data     extern C:\MCC18\src\traditional\proc\p18F4520.asm
                    FSR2L   0x000fd9       data     extern C:\MCC18\src\traditional\proc\p18F4520.asm
                    FSR2H   0x000fda       data     extern C:\MCC18\src\traditional\proc\p18F4520.asm
                   PLUSW2   0x000fdb       data     extern C:\MCC18\src\traditional\proc\p18F4520.asm
                  PREINC2   0x000fdc       data     extern C:\MCC18\src\traditional\proc\p18F4520.asm
                 POSTDEC2   0x000fdd       data     extern C:\MCC18\src\traditional\proc\p18F4520.asm
                 POSTINC2   0x000fde       data     extern C:\MCC18\src\traditional\proc\p18F4520.asm
                    INDF2   0x000fdf       data     extern C:\MCC18\src\traditional\proc\p18F4520.asm
                      BSR   0x000fe0       data     extern C:\MCC18\src\traditional\proc\p18F4520.asm
                     FSR1   0x000fe1       data     extern C:\MCC18\src\traditional\proc\p18F4520.asm
                    FSR1L   0x000fe1       data     extern C:\MCC18\src\traditional\proc\p18F4520.asm
                    FSR1H   0x000fe2       data     extern C:\MCC18\src\traditional\proc\p18F4520.asm
                   PLUSW1   0x000fe3       data     extern C:\MCC18\src\traditional\proc\p18F4520.asm
                  PREINC1   0x000fe4       data     extern C:\MCC18\src\traditional\proc\p18F4520.asm
                 POSTDEC1   0x000fe5       data     extern C:\MCC18\src\traditional\proc\p18F4520.asm
                 POSTINC1   0x000fe6       data     extern C:\MCC18\src\traditional\proc\p18F4520.asm
                    INDF1   0x000fe7       data     extern C:\MCC18\src\traditional\proc\p18F4520.asm
                        W   0x000fe8       data     extern C:\MCC18\src\traditional\proc\p18F4520.asm
                     WREG   0x000fe8       data     extern C:\MCC18\src\traditional\proc\p18F4520.asm
                    FSR0L   0x000fe9       data     extern C:\MCC18\src\traditional\proc\p18F4520.asm
                     FSR0   0x000fe9       data     extern C:\MCC18\src\traditional\proc\p18F4520.asm
                    FSR0H   0x000fea       data     extern C:\MCC18\src\traditional\proc\p18F4520.asm
                   PLUSW0   0x000feb       data     extern C:\MCC18\src\traditional\proc\p18F4520.asm
                  PREINC0   0x000fec       data     extern C:\MCC18\src\traditional\proc\p18F4520.asm
                 POSTDEC0   0x000fed       data     extern C:\MCC18\src\traditional\proc\p18F4520.asm
                 POSTINC0   0x000fee       data     extern C:\MCC18\src\traditional\proc\p18F4520.asm
                    INDF0   0x000fef       data     extern C:\MCC18\src\traditional\proc\p18F4520.asm
              INTCON3bits   0x000ff0       data     extern C:\MCC18\src\traditional\proc\p18F4520.asm
                  INTCON3   0x000ff0       data     extern C:\MCC18\src\traditional\proc\p18F4520.asm
                  INTCON2   0x000ff1       data     extern C:\MCC18\src\traditional\proc\p18F4520.asm
              INTCON2bits   0x000ff1       data     extern C:\MCC18\src\traditional\proc\p18F4520.asm
                   INTCON   0x000ff2       data     extern C:\MCC18\src\traditional\proc\p18F4520.asm
               INTCONbits   0x000ff2       data     extern C:\MCC18\src\traditional\proc\p18F4520.asm
                    PRODL   0x000ff3       data     extern C:\MCC18\src\traditional\proc\p18F4520.asm
                     PROD   0x000ff3       data     extern C:\MCC18\src\traditional\proc\p18F4520.asm
                    PRODH   0x000ff4       data     extern C:\MCC18\src\traditional\proc\p18F4520.asm
                   TABLAT   0x000ff5       data     extern C:\MCC18\src\traditional\proc\p18F4520.asm
                   TBLPTR   0x000ff6       data     extern C:\MCC18\src\traditional\proc\p18F4520.asm
                  TBLPTRL   0x000ff6       data     extern C:\MCC18\src\traditional\proc\p18F4520.asm
                  TBLPTRH   0x000ff7       data     extern C:\MCC18\src\traditional\proc\p18F4520.asm
                  TBLPTRU   0x000ff8       data     extern C:\MCC18\src\traditional\proc\p18F4520.asm
                       PC   0x000ff9       data     extern C:\MCC18\src\traditional\proc\p18F4520.asm
                      PCL   0x000ff9       data     extern C:\MCC18\src\traditional\proc\p18F4520.asm
                   PCLATH   0x000ffa       data     extern C:\MCC18\src\traditional\proc\p18F4520.asm
                   PCLATU   0x000ffb       data     extern C:\MCC18\src\traditional\proc\p18F4520.asm
                   STKPTR   0x000ffc       data     extern C:\MCC18\src\traditional\proc\p18F4520.asm
               STKPTRbits   0x000ffc       data     extern C:\MCC18\src\traditional\proc\p18F4520.asm
                     TOSL   0x000ffd       data     extern C:\MCC18\src\traditional\proc\p18F4520.asm
                      TOS   0x000ffd       data     extern C:\MCC18\src\traditional\proc\p18F4520.asm
                     TOSH   0x000ffe       data     extern C:\MCC18\src\traditional\proc\p18F4520.asm
                     TOSU   0x000fff       data     extern C:\MCC18\src\traditional\proc\p18F4520.asm


